// Jest Snapshot v1, https://goo.gl/fbAQLP

exports[`HomeScreen renders correctly 1`] = `
<View
  style={
    {
      "alignItems": "center",
      "backgroundColor": "#ffffff",
      "flex": 1,
      "justifyContent": "center",
    }
  }
>
  <Text>
    Empty Screen
  </Text>
</View>
`;
