// Jest Snapshot v1, https://goo.gl/fbAQLP

exports[`CustomRadioButton calls handleSelectedUserType with "admin" when "admin" option is selected 1`] = `
<View>
  <View
    accessibilityState={
      {
        "busy": undefined,
        "checked": undefined,
        "disabled": undefined,
        "expanded": undefined,
        "selected": undefined,
      }
    }
    accessibilityValue={
      {
        "max": undefined,
        "min": undefined,
        "now": undefined,
        "text": undefined,
      }
    }
    accessible={true}
    collapsable={false}
    focusable={true}
    onClick={[Function]}
    onResponderGrant={[Function]}
    onResponderMove={[Function]}
    onResponderRelease={[Function]}
    onResponderTerminate={[Function]}
    onResponderTerminationRequest={[Function]}
    onStartShouldSetResponder={[Function]}
    style={
      {
        "alignItems": "center",
        "backgroundColor": "rgba(0, 122, 255, 0.12)",
        "borderRadius": 8,
        "flexDirection": "row",
        "marginRight": 20,
        "marginTop": 10,
        "opacity": 1,
        "paddingLeft": 8,
        "paddingVertical": 12,
      }
    }
    testID="admin-button"
  >
    <View
      style={
        {
          "alignItems": "center",
          "borderColor": "#dadee6",
          "borderRadius": 12,
          "borderWidth": 2,
          "height": 18,
          "justifyContent": "center",
          "width": 18,
        }
      }
    >
      <View
        style={
          {
            "backgroundColor": "#000000",
            "borderRadius": 3,
            "height": 6,
            "width": 6,
          }
        }
      />
    </View>
    <Text
      style={
        {
          "marginLeft": 18,
        }
      }
    >
      Admin
    </Text>
  </View>
  <View
    accessibilityState={
      {
        "busy": undefined,
        "checked": undefined,
        "disabled": undefined,
        "expanded": undefined,
        "selected": undefined,
      }
    }
    accessibilityValue={
      {
        "max": undefined,
        "min": undefined,
        "now": undefined,
        "text": undefined,
      }
    }
    accessible={true}
    collapsable={false}
    focusable={true}
    onClick={[Function]}
    onResponderGrant={[Function]}
    onResponderMove={[Function]}
    onResponderRelease={[Function]}
    onResponderTerminate={[Function]}
    onResponderTerminationRequest={[Function]}
    onStartShouldSetResponder={[Function]}
    style={
      {
        "alignItems": "center",
        "borderRadius": 8,
        "flexDirection": "row",
        "marginRight": 20,
        "marginTop": 10,
        "opacity": 1,
        "paddingLeft": 8,
        "paddingVertical": 12,
      }
    }
    testID="manager-button"
  >
    <View
      style={
        {
          "alignItems": "center",
          "borderColor": "#dadee6",
          "borderRadius": 12,
          "borderWidth": 2,
          "height": 18,
          "justifyContent": "center",
          "width": 18,
        }
      }
    />
    <Text
      style={
        {
          "marginLeft": 18,
        }
      }
    >
      Manager
    </Text>
  </View>
</View>
`;

exports[`CustomRadioButton calls handleSelectedUserType with "admin" when default option is selected 1`] = `
<View>
  <View
    accessibilityState={
      {
        "busy": undefined,
        "checked": undefined,
        "disabled": undefined,
        "expanded": undefined,
        "selected": undefined,
      }
    }
    accessibilityValue={
      {
        "max": undefined,
        "min": undefined,
        "now": undefined,
        "text": undefined,
      }
    }
    accessible={true}
    collapsable={false}
    focusable={true}
    onClick={[Function]}
    onResponderGrant={[Function]}
    onResponderMove={[Function]}
    onResponderRelease={[Function]}
    onResponderTerminate={[Function]}
    onResponderTerminationRequest={[Function]}
    onStartShouldSetResponder={[Function]}
    style={
      {
        "alignItems": "center",
        "backgroundColor": "rgba(0, 122, 255, 0.12)",
        "borderRadius": 8,
        "flexDirection": "row",
        "marginRight": 20,
        "marginTop": 10,
        "opacity": 1,
        "paddingLeft": 8,
        "paddingVertical": 12,
      }
    }
    testID="admin-button"
  >
    <View
      style={
        {
          "alignItems": "center",
          "borderColor": "#dadee6",
          "borderRadius": 12,
          "borderWidth": 2,
          "height": 18,
          "justifyContent": "center",
          "width": 18,
        }
      }
    >
      <View
        style={
          {
            "backgroundColor": "#000000",
            "borderRadius": 3,
            "height": 6,
            "width": 6,
          }
        }
      />
    </View>
    <Text
      style={
        {
          "marginLeft": 18,
        }
      }
    >
      Admin
    </Text>
  </View>
  <View
    accessibilityState={
      {
        "busy": undefined,
        "checked": undefined,
        "disabled": undefined,
        "expanded": undefined,
        "selected": undefined,
      }
    }
    accessibilityValue={
      {
        "max": undefined,
        "min": undefined,
        "now": undefined,
        "text": undefined,
      }
    }
    accessible={true}
    collapsable={false}
    focusable={true}
    onClick={[Function]}
    onResponderGrant={[Function]}
    onResponderMove={[Function]}
    onResponderRelease={[Function]}
    onResponderTerminate={[Function]}
    onResponderTerminationRequest={[Function]}
    onStartShouldSetResponder={[Function]}
    style={
      {
        "alignItems": "center",
        "borderRadius": 8,
        "flexDirection": "row",
        "marginRight": 20,
        "marginTop": 10,
        "opacity": 1,
        "paddingLeft": 8,
        "paddingVertical": 12,
      }
    }
    testID="manager-button"
  >
    <View
      style={
        {
          "alignItems": "center",
          "borderColor": "#dadee6",
          "borderRadius": 12,
          "borderWidth": 2,
          "height": 18,
          "justifyContent": "center",
          "width": 18,
        }
      }
    />
    <Text
      style={
        {
          "marginLeft": 18,
        }
      }
    >
      Manager
    </Text>
  </View>
</View>
`;

exports[`CustomRadioButton calls handleSelectedUserType with "manager" when "Manager" option is selected 1`] = `
<View>
  <View
    accessibilityState={
      {
        "busy": undefined,
        "checked": undefined,
        "disabled": undefined,
        "expanded": undefined,
        "selected": undefined,
      }
    }
    accessibilityValue={
      {
        "max": undefined,
        "min": undefined,
        "now": undefined,
        "text": undefined,
      }
    }
    accessible={true}
    collapsable={false}
    focusable={true}
    onClick={[Function]}
    onResponderGrant={[Function]}
    onResponderMove={[Function]}
    onResponderRelease={[Function]}
    onResponderTerminate={[Function]}
    onResponderTerminationRequest={[Function]}
    onStartShouldSetResponder={[Function]}
    style={
      {
        "alignItems": "center",
        "borderRadius": 8,
        "flexDirection": "row",
        "marginRight": 20,
        "marginTop": 10,
        "opacity": 1,
        "paddingLeft": 8,
        "paddingVertical": 12,
      }
    }
    testID="admin-button"
  >
    <View
      style={
        {
          "alignItems": "center",
          "borderColor": "#dadee6",
          "borderRadius": 12,
          "borderWidth": 2,
          "height": 18,
          "justifyContent": "center",
          "width": 18,
        }
      }
    />
    <Text
      style={
        {
          "marginLeft": 18,
        }
      }
    >
      Admin
    </Text>
  </View>
  <View
    accessibilityState={
      {
        "busy": undefined,
        "checked": undefined,
        "disabled": undefined,
        "expanded": undefined,
        "selected": undefined,
      }
    }
    accessibilityValue={
      {
        "max": undefined,
        "min": undefined,
        "now": undefined,
        "text": undefined,
      }
    }
    accessible={true}
    collapsable={false}
    focusable={true}
    onClick={[Function]}
    onResponderGrant={[Function]}
    onResponderMove={[Function]}
    onResponderRelease={[Function]}
    onResponderTerminate={[Function]}
    onResponderTerminationRequest={[Function]}
    onStartShouldSetResponder={[Function]}
    style={
      {
        "alignItems": "center",
        "backgroundColor": "rgba(0, 122, 255, 0.12)",
        "borderRadius": 8,
        "flexDirection": "row",
        "marginRight": 20,
        "marginTop": 10,
        "opacity": 1,
        "paddingLeft": 8,
        "paddingVertical": 12,
      }
    }
    testID="manager-button"
  >
    <View
      style={
        {
          "alignItems": "center",
          "borderColor": "#dadee6",
          "borderRadius": 12,
          "borderWidth": 2,
          "height": 18,
          "justifyContent": "center",
          "width": 18,
        }
      }
    >
      <View
        style={
          {
            "backgroundColor": "#000000",
            "borderRadius": 3,
            "height": 6,
            "width": 6,
          }
        }
      />
    </View>
    <Text
      style={
        {
          "marginLeft": 18,
        }
      }
    >
      Manager
    </Text>
  </View>
</View>
`;

exports[`CustomRadioButton renders the CustomRadioButton 1`] = `
<View>
  <View
    accessibilityState={
      {
        "busy": undefined,
        "checked": undefined,
        "disabled": undefined,
        "expanded": undefined,
        "selected": undefined,
      }
    }
    accessibilityValue={
      {
        "max": undefined,
        "min": undefined,
        "now": undefined,
        "text": undefined,
      }
    }
    accessible={true}
    collapsable={false}
    focusable={true}
    onClick={[Function]}
    onResponderGrant={[Function]}
    onResponderMove={[Function]}
    onResponderRelease={[Function]}
    onResponderTerminate={[Function]}
    onResponderTerminationRequest={[Function]}
    onStartShouldSetResponder={[Function]}
    style={
      {
        "alignItems": "center",
        "backgroundColor": "rgba(0, 122, 255, 0.12)",
        "borderRadius": 8,
        "flexDirection": "row",
        "marginRight": 20,
        "marginTop": 10,
        "opacity": 1,
        "paddingLeft": 8,
        "paddingVertical": 12,
      }
    }
    testID="admin-button"
  >
    <View
      style={
        {
          "alignItems": "center",
          "borderColor": "#dadee6",
          "borderRadius": 12,
          "borderWidth": 2,
          "height": 18,
          "justifyContent": "center",
          "width": 18,
        }
      }
    >
      <View
        style={
          {
            "backgroundColor": "#000000",
            "borderRadius": 3,
            "height": 6,
            "width": 6,
          }
        }
      />
    </View>
    <Text
      style={
        {
          "marginLeft": 18,
        }
      }
    >
      Admin
    </Text>
  </View>
  <View
    accessibilityState={
      {
        "busy": undefined,
        "checked": undefined,
        "disabled": undefined,
        "expanded": undefined,
        "selected": undefined,
      }
    }
    accessibilityValue={
      {
        "max": undefined,
        "min": undefined,
        "now": undefined,
        "text": undefined,
      }
    }
    accessible={true}
    collapsable={false}
    focusable={true}
    onClick={[Function]}
    onResponderGrant={[Function]}
    onResponderMove={[Function]}
    onResponderRelease={[Function]}
    onResponderTerminate={[Function]}
    onResponderTerminationRequest={[Function]}
    onStartShouldSetResponder={[Function]}
    style={
      {
        "alignItems": "center",
        "borderRadius": 8,
        "flexDirection": "row",
        "marginRight": 20,
        "marginTop": 10,
        "opacity": 1,
        "paddingLeft": 8,
        "paddingVertical": 12,
      }
    }
    testID="manager-button"
  >
    <View
      style={
        {
          "alignItems": "center",
          "borderColor": "#dadee6",
          "borderRadius": 12,
          "borderWidth": 2,
          "height": 18,
          "justifyContent": "center",
          "width": 18,
        }
      }
    />
    <Text
      style={
        {
          "marginLeft": 18,
        }
      }
    >
      Manager
    </Text>
  </View>
</View>
`;
